// Jest Snapshot v1, https://goo.gl/fbAQLP

exports[`connections.graphql 1`] = `
Object {
  "data": Object {
    "a": Object {
      "edges": Array [
        Object {
          "cursor": "WyJwcmltYXJ5X2tleV9hc2MiLFsxXV0=",
          "node": Object {
            "email": "john.smith@email.com",
            "id": 1,
            "name": "John Smith",
          },
        },
        Object {
          "cursor": "WyJwcmltYXJ5X2tleV9hc2MiLFsyXV0=",
          "node": Object {
            "email": "sara.smith@email.com",
            "id": 2,
            "name": "Sara Smith",
          },
        },
        Object {
          "cursor": "WyJwcmltYXJ5X2tleV9hc2MiLFszXV0=",
          "node": Object {
            "email": "budd.deey@email.com",
            "id": 3,
            "name": "Budd Deey",
          },
        },
        Object {
          "cursor": "WyJwcmltYXJ5X2tleV9hc2MiLFs0XV0=",
          "node": Object {
            "email": "kathryn.ramirez@email.com",
            "id": 4,
            "name": "Kathryn Ramirez",
          },
        },
        Object {
          "cursor": "WyJwcmltYXJ5X2tleV9hc2MiLFs1XV0=",
          "node": Object {
            "email": "joe.tucker@email.com",
            "id": 5,
            "name": "Joe Tucker",
          },
        },
        Object {
          "cursor": "WyJwcmltYXJ5X2tleV9hc2MiLFs2XV0=",
          "node": Object {
            "email": "graphile-build.issue.27.exists@example.com",
            "id": 6,
            "name": "Twenty Seventwo",
          },
        },
      ],
      "pageInfo": Object {
        "endCursor": "WyJwcmltYXJ5X2tleV9hc2MiLFs2XV0=",
        "hasNextPage": false,
        "hasPreviousPage": false,
        "startCursor": "WyJwcmltYXJ5X2tleV9hc2MiLFsxXV0=",
      },
      "totalCount": 6,
    },
    "b": Object {
      "edges": Array [
        Object {
          "cursor": "WyJwcmltYXJ5X2tleV9hc2MiLFsxXV0=",
          "node": Object {
            "email": "john.smith@email.com",
            "id": 1,
            "name": "John Smith",
          },
        },
        Object {
          "cursor": "WyJwcmltYXJ5X2tleV9hc2MiLFsyXV0=",
          "node": Object {
            "email": "sara.smith@email.com",
            "id": 2,
            "name": "Sara Smith",
          },
        },
      ],
      "pageInfo": Object {
        "endCursor": "WyJwcmltYXJ5X2tleV9hc2MiLFsyXV0=",
        "hasNextPage": true,
        "hasPreviousPage": false,
        "startCursor": "WyJwcmltYXJ5X2tleV9hc2MiLFsxXV0=",
      },
      "totalCount": 6,
    },
    "c": Object {
      "edges": Array [
        Object {
          "cursor": "WyJwcmltYXJ5X2tleV9hc2MiLFs1XV0=",
          "node": Object {
            "email": "joe.tucker@email.com",
            "id": 5,
            "name": "Joe Tucker",
          },
        },
        Object {
          "cursor": "WyJwcmltYXJ5X2tleV9hc2MiLFs2XV0=",
          "node": Object {
            "email": "graphile-build.issue.27.exists@example.com",
            "id": 6,
            "name": "Twenty Seventwo",
          },
        },
      ],
      "pageInfo": Object {
        "endCursor": "WyJwcmltYXJ5X2tleV9hc2MiLFs2XV0=",
        "hasNextPage": false,
        "hasPreviousPage": true,
        "startCursor": "WyJwcmltYXJ5X2tleV9hc2MiLFs1XV0=",
      },
      "totalCount": 6,
    },
    "d": Object {
      "edges": Array [
        Object {
          "cursor": "WyJuYW1lX2FzYyIsWyJCdWRkIERlZXkiLDNdXQ==",
          "node": Object {
            "email": "budd.deey@email.com",
            "id": 3,
            "name": "Budd Deey",
          },
        },
        Object {
          "cursor": "WyJuYW1lX2FzYyIsWyJKb2UgVHVja2VyIiw1XV0=",
          "node": Object {
            "email": "joe.tucker@email.com",
            "id": 5,
            "name": "Joe Tucker",
          },
        },
        Object {
          "cursor": "WyJuYW1lX2FzYyIsWyJKb2huIFNtaXRoIiwxXV0=",
          "node": Object {
            "email": "john.smith@email.com",
            "id": 1,
            "name": "John Smith",
          },
        },
        Object {
          "cursor": "WyJuYW1lX2FzYyIsWyJLYXRocnluIFJhbWlyZXoiLDRdXQ==",
          "node": Object {
            "email": "kathryn.ramirez@email.com",
            "id": 4,
            "name": "Kathryn Ramirez",
          },
        },
        Object {
          "cursor": "WyJuYW1lX2FzYyIsWyJTYXJhIFNtaXRoIiwyXV0=",
          "node": Object {
            "email": "sara.smith@email.com",
            "id": 2,
            "name": "Sara Smith",
          },
        },
        Object {
          "cursor": "WyJuYW1lX2FzYyIsWyJUd2VudHkgU2V2ZW50d28iLDZdXQ==",
          "node": Object {
            "email": "graphile-build.issue.27.exists@example.com",
            "id": 6,
            "name": "Twenty Seventwo",
          },
        },
      ],
      "pageInfo": Object {
        "endCursor": "WyJuYW1lX2FzYyIsWyJUd2VudHkgU2V2ZW50d28iLDZdXQ==",
        "hasNextPage": false,
        "hasPreviousPage": false,
        "startCursor": "WyJuYW1lX2FzYyIsWyJCdWRkIERlZXkiLDNdXQ==",
      },
      "totalCount": 6,
    },
    "e": Object {
      "edges": Array [
        Object {
          "cursor": "WyJuYW1lX2Rlc2MiLFsiVHdlbnR5IFNldmVudHdvIiw2XV0=",
          "node": Object {
            "email": "graphile-build.issue.27.exists@example.com",
            "id": 6,
            "name": "Twenty Seventwo",
          },
        },
        Object {
          "cursor": "WyJuYW1lX2Rlc2MiLFsiU2FyYSBTbWl0aCIsMl1d",
          "node": Object {
            "email": "sara.smith@email.com",
            "id": 2,
            "name": "Sara Smith",
          },
        },
        Object {
          "cursor": "WyJuYW1lX2Rlc2MiLFsiS2F0aHJ5biBSYW1pcmV6Iiw0XV0=",
          "node": Object {
            "email": "kathryn.ramirez@email.com",
            "id": 4,
            "name": "Kathryn Ramirez",
          },
        },
        Object {
          "cursor": "WyJuYW1lX2Rlc2MiLFsiSm9obiBTbWl0aCIsMV1d",
          "node": Object {
            "email": "john.smith@email.com",
            "id": 1,
            "name": "John Smith",
          },
        },
        Object {
          "cursor": "WyJuYW1lX2Rlc2MiLFsiSm9lIFR1Y2tlciIsNV1d",
          "node": Object {
            "email": "joe.tucker@email.com",
            "id": 5,
            "name": "Joe Tucker",
          },
        },
        Object {
          "cursor": "WyJuYW1lX2Rlc2MiLFsiQnVkZCBEZWV5IiwzXV0=",
          "node": Object {
            "email": "budd.deey@email.com",
            "id": 3,
            "name": "Budd Deey",
          },
        },
      ],
      "pageInfo": Object {
        "endCursor": "WyJuYW1lX2Rlc2MiLFsiQnVkZCBEZWV5IiwzXV0=",
        "hasNextPage": false,
        "hasPreviousPage": false,
        "startCursor": "WyJuYW1lX2Rlc2MiLFsiVHdlbnR5IFNldmVudHdvIiw2XV0=",
      },
      "totalCount": 6,
    },
    "f": Object {
      "edges": Array [
        Object {
          "cursor": "WyJwcmltYXJ5X2tleV9hc2MiLFsxXV0=",
          "node": Object {
            "email": "john.smith@email.com",
            "id": 1,
            "name": "John Smith",
          },
        },
      ],
      "pageInfo": Object {
        "endCursor": "WyJwcmltYXJ5X2tleV9hc2MiLFsxXV0=",
        "hasNextPage": true,
        "hasPreviousPage": false,
        "startCursor": "WyJwcmltYXJ5X2tleV9hc2MiLFsxXV0=",
      },
      "totalCount": 6,
    },
    "g": Object {
      "edges": Array [
        Object {
          "cursor": "WyJwcmltYXJ5X2tleV9hc2MiLFszXV0=",
          "node": Object {
            "email": "budd.deey@email.com",
            "id": 3,
            "name": "Budd Deey",
          },
        },
        Object {
          "cursor": "WyJwcmltYXJ5X2tleV9hc2MiLFs0XV0=",
          "node": Object {
            "email": "kathryn.ramirez@email.com",
            "id": 4,
            "name": "Kathryn Ramirez",
          },
        },
        Object {
          "cursor": "WyJwcmltYXJ5X2tleV9hc2MiLFs1XV0=",
          "node": Object {
            "email": "joe.tucker@email.com",
            "id": 5,
            "name": "Joe Tucker",
          },
        },
        Object {
          "cursor": "WyJwcmltYXJ5X2tleV9hc2MiLFs2XV0=",
          "node": Object {
            "email": "graphile-build.issue.27.exists@example.com",
            "id": 6,
            "name": "Twenty Seventwo",
          },
        },
      ],
      "pageInfo": Object {
        "endCursor": "WyJwcmltYXJ5X2tleV9hc2MiLFs2XV0=",
        "hasNextPage": false,
        "hasPreviousPage": true,
        "startCursor": "WyJwcmltYXJ5X2tleV9hc2MiLFszXV0=",
      },
      "totalCount": 6,
    },
    "h": Object {
      "edges": Array [
        Object {
          "cursor": "WyJuYXR1cmFsIiwxXQ==",
          "node": Object {
            "constant": 2,
            "name": "John Smith",
            "x": 1,
          },
        },
        Object {
          "cursor": "WyJuYXR1cmFsIiwyXQ==",
          "node": Object {
            "constant": 2,
            "name": "Sara Smith",
            "x": 2,
          },
        },
        Object {
          "cursor": "WyJuYXR1cmFsIiwzXQ==",
          "node": Object {
            "constant": 2,
            "name": "Budd Deey",
            "x": 3,
          },
        },
        Object {
          "cursor": "WyJuYXR1cmFsIiw0XQ==",
          "node": Object {
            "constant": 2,
            "name": "Kathryn Ramirez",
            "x": 4,
          },
        },
        Object {
          "cursor": "WyJuYXR1cmFsIiw1XQ==",
          "node": Object {
            "constant": 2,
            "name": "Joe Tucker",
            "x": 5,
          },
        },
        Object {
          "cursor": "WyJuYXR1cmFsIiw2XQ==",
          "node": Object {
            "constant": 2,
            "name": "Twenty Seventwo",
            "x": 6,
          },
        },
      ],
    },
    "i": Object {
      "edges": Array [
        Object {
          "cursor": "WyJjb25zdGFudF9hc2MiLDFd",
          "node": Object {
            "constant": 2,
            "name": "John Smith",
            "x": 1,
          },
        },
        Object {
          "cursor": "WyJjb25zdGFudF9hc2MiLDJd",
          "node": Object {
            "constant": 2,
            "name": "Sara Smith",
            "x": 2,
          },
        },
        Object {
          "cursor": "WyJjb25zdGFudF9hc2MiLDNd",
          "node": Object {
            "constant": 2,
            "name": "Budd Deey",
            "x": 3,
          },
        },
        Object {
          "cursor": "WyJjb25zdGFudF9hc2MiLDRd",
          "node": Object {
            "constant": 2,
            "name": "Kathryn Ramirez",
            "x": 4,
          },
        },
        Object {
          "cursor": "WyJjb25zdGFudF9hc2MiLDVd",
          "node": Object {
            "constant": 2,
            "name": "Joe Tucker",
            "x": 5,
          },
        },
        Object {
          "cursor": "WyJjb25zdGFudF9hc2MiLDZd",
          "node": Object {
            "constant": 2,
            "name": "Twenty Seventwo",
            "x": 6,
          },
        },
      ],
    },
    "j": Object {
      "edges": Array [
        Object {
          "cursor": "WyJwcmltYXJ5X2tleV9hc2MiLFsxXV0=",
          "node": Object {
            "authorId": 2,
            "headline": "No… It’s a thing; it’s like a plan, but with more greatness.",
          },
        },
        Object {
          "cursor": "WyJwcmltYXJ5X2tleV9hc2MiLFs4XV0=",
          "node": Object {
            "authorId": 2,
            "headline": "It’s a fez. I wear a fez now. Fezes are cool.",
          },
        },
        Object {
          "cursor": "WyJwcmltYXJ5X2tleV9hc2MiLFsxMF1d",
          "node": Object {
            "authorId": 2,
            "headline": "What’s with you kids? Every other day it’s food, food, food.",
          },
        },
      ],
      "pageInfo": Object {
        "endCursor": "WyJwcmltYXJ5X2tleV9hc2MiLFsxMF1d",
        "hasNextPage": false,
        "hasPreviousPage": false,
        "startCursor": "WyJwcmltYXJ5X2tleV9hc2MiLFsxXV0=",
      },
      "totalCount": 3,
    },
    "k": Object {
      "edges": Array [
        Object {
          "cursor": "WyJwcmltYXJ5X2tleV9hc2MiLFsxXV0=",
          "node": Object {
            "authorId": 2,
            "headline": "No… It’s a thing; it’s like a plan, but with more greatness.",
          },
        },
        Object {
          "cursor": "WyJwcmltYXJ5X2tleV9hc2MiLFs4XV0=",
          "node": Object {
            "authorId": 2,
            "headline": "It’s a fez. I wear a fez now. Fezes are cool.",
          },
        },
      ],
      "pageInfo": Object {
        "endCursor": "WyJwcmltYXJ5X2tleV9hc2MiLFs4XV0=",
        "hasNextPage": true,
        "hasPreviousPage": false,
        "startCursor": "WyJwcmltYXJ5X2tleV9hc2MiLFsxXV0=",
      },
      "totalCount": 3,
    },
    "l": Object {
      "edges": Array [
        Object {
          "cursor": "WyJoZWFkbGluZV9hc2MiLFsiWW91IGhpdCBtZSB3aXRoIGEgY3JpY2tldCBiYXQuIiw0XV0=",
          "node": Object {
            "authorId": 1,
            "headline": "You hit me with a cricket bat.",
          },
        },
      ],
      "pageInfo": Object {
        "endCursor": "WyJoZWFkbGluZV9hc2MiLFsiWW91IGhpdCBtZSB3aXRoIGEgY3JpY2tldCBiYXQuIiw0XV0=",
        "hasNextPage": false,
        "hasPreviousPage": true,
        "startCursor": "WyJoZWFkbGluZV9hc2MiLFsiWW91IGhpdCBtZSB3aXRoIGEgY3JpY2tldCBiYXQuIiw0XV0=",
      },
      "totalCount": 4,
    },
    "m": Object {
      "edges": Array [
        Object {
          "cursor": "WyJwcmltYXJ5X2tleV9hc2MiLFsyXV0=",
          "node": Object {
            "email": "sara.smith@email.com",
            "id": 2,
            "name": "Sara Smith",
          },
        },
        Object {
          "cursor": "WyJwcmltYXJ5X2tleV9hc2MiLFszXV0=",
          "node": Object {
            "email": "budd.deey@email.com",
            "id": 3,
            "name": "Budd Deey",
          },
        },
        Object {
          "cursor": "WyJwcmltYXJ5X2tleV9hc2MiLFs0XV0=",
          "node": Object {
            "email": "kathryn.ramirez@email.com",
            "id": 4,
            "name": "Kathryn Ramirez",
          },
        },
      ],
      "pageInfo": Object {
        "endCursor": "WyJwcmltYXJ5X2tleV9hc2MiLFs0XV0=",
        "hasNextPage": true,
        "hasPreviousPage": true,
        "startCursor": "WyJwcmltYXJ5X2tleV9hc2MiLFsyXV0=",
      },
      "totalCount": 6,
    },
    "n": Object {
      "edges": Array [],
      "pageInfo": Object {
        "endCursor": null,
        "hasNextPage": false,
        "hasPreviousPage": false,
        "startCursor": null,
      },
      "totalCount": 6,
    },
    "o": Object {
      "nodes": Array [
        Object {
          "rowId": 2,
        },
      ],
    },
    "p": Object {
      "edges": Array [
        Object {
          "cursor": "WyJwcmltYXJ5X2tleV9hc2MiLFs0XV0=",
          "node": Object {
            "email": "kathryn.ramirez@email.com",
            "id": 4,
            "name": "Kathryn Ramirez",
          },
        },
        Object {
          "cursor": "WyJwcmltYXJ5X2tleV9hc2MiLFs1XV0=",
          "node": Object {
            "email": "joe.tucker@email.com",
            "id": 5,
            "name": "Joe Tucker",
          },
        },
      ],
      "pageInfo": Object {
        "endCursor": "WyJwcmltYXJ5X2tleV9hc2MiLFs1XV0=",
        "hasNextPage": true,
        "hasPreviousPage": true,
        "startCursor": "WyJwcmltYXJ5X2tleV9hc2MiLFs0XV0=",
      },
      "totalCount": 6,
    },
    "q": Object {
      "edges": Array [
        Object {
          "cursor": "WyJwcmltYXJ5X2tleV9hc2MiLFszXV0=",
          "node": Object {
            "email": "budd.deey@email.com",
            "id": 3,
            "name": "Budd Deey",
          },
        },
      ],
      "pageInfo": Object {
        "endCursor": "WyJwcmltYXJ5X2tleV9hc2MiLFszXV0=",
        "hasNextPage": true,
        "hasPreviousPage": true,
        "startCursor": "WyJwcmltYXJ5X2tleV9hc2MiLFszXV0=",
      },
      "totalCount": 6,
    },
    "r": Object {
      "edges": Array [
        Object {
          "cursor": "WyJwcmltYXJ5X2tleV9hc2MiLFs2XV0=",
          "node": Object {
            "email": "graphile-build.issue.27.exists@example.com",
            "id": 6,
            "name": "Twenty Seventwo",
          },
        },
      ],
      "pageInfo": Object {
        "endCursor": "WyJwcmltYXJ5X2tleV9hc2MiLFs2XV0=",
        "hasNextPage": false,
        "hasPreviousPage": true,
        "startCursor": "WyJwcmltYXJ5X2tleV9hc2MiLFs2XV0=",
      },
      "totalCount": 6,
    },
    "s": Object {
      "edges": Array [
        Object {
          "cursor": "WyJwcmltYXJ5X2tleV9hc2MiLFsxXV0=",
          "node": Object {
            "email": "john.smith@email.com",
            "id": 1,
            "name": "John Smith",
          },
        },
        Object {
          "cursor": "WyJwcmltYXJ5X2tleV9hc2MiLFsyXV0=",
          "node": Object {
            "email": "sara.smith@email.com",
            "id": 2,
            "name": "Sara Smith",
          },
        },
        Object {
          "cursor": "WyJwcmltYXJ5X2tleV9hc2MiLFs0XV0=",
          "node": Object {
            "email": "kathryn.ramirez@email.com",
            "id": 4,
            "name": "Kathryn Ramirez",
          },
        },
        Object {
          "cursor": "WyJwcmltYXJ5X2tleV9hc2MiLFs1XV0=",
          "node": Object {
            "email": "joe.tucker@email.com",
            "id": 5,
            "name": "Joe Tucker",
          },
        },
        Object {
          "cursor": "WyJwcmltYXJ5X2tleV9hc2MiLFs2XV0=",
          "node": Object {
            "email": "graphile-build.issue.27.exists@example.com",
            "id": 6,
            "name": "Twenty Seventwo",
          },
        },
      ],
      "pageInfo": Object {
        "endCursor": "WyJwcmltYXJ5X2tleV9hc2MiLFs2XV0=",
        "hasNextPage": false,
        "hasPreviousPage": false,
        "startCursor": "WyJwcmltYXJ5X2tleV9hc2MiLFsxXV0=",
      },
      "totalCount": 5,
    },
    "t": Object {
      "edges": Array [
        Object {
          "cursor": "WyJhdXRob3JfaWRfZGVzYyIsImhlYWRsaW5lX2Rlc2MiLFs1LCJQbGVhc2UsIERvbi1Cb3TigKYgbG9vayBpbnRvIHlvdXIgaGFyZCBkcml2ZSwgYW5kIG9wZW4geW91ciBtZXJjeSBmaWxlISIsNV1d",
          "node": Object {
            "authorId": 5,
            "headline": "Please, Don-Bot… look into your hard drive, and open your mercy file!",
          },
        },
        Object {
          "cursor": "WyJhdXRob3JfaWRfZGVzYyIsImhlYWRsaW5lX2Rlc2MiLFszLCJZb3Uga25vdyBob3cgSSBzb21ldGltZXMgaGF2ZSByZWFsbHkgYnJpbGxpYW50IGlkZWFzPyIsOV1d",
          "node": Object {
            "authorId": 3,
            "headline": "You know how I sometimes have really brilliant ideas?",
          },
        },
        Object {
          "cursor": "WyJhdXRob3JfaWRfZGVzYyIsImhlYWRsaW5lX2Rlc2MiLFszLCJUaGV54oCZcmUgbm90IGFsaWVucywgdGhleeKAmXJlIEVhcnRo4oCmbGllbnMhIiwxMV1d",
          "node": Object {
            "authorId": 3,
            "headline": "They’re not aliens, they’re Earth…liens!",
          },
        },
      ],
      "pageInfo": Object {
        "endCursor": "WyJhdXRob3JfaWRfZGVzYyIsImhlYWRsaW5lX2Rlc2MiLFszLCJUaGV54oCZcmUgbm90IGFsaWVucywgdGhleeKAmXJlIEVhcnRo4oCmbGllbnMhIiwxMV1d",
        "hasNextPage": true,
        "hasPreviousPage": false,
        "startCursor": "WyJhdXRob3JfaWRfZGVzYyIsImhlYWRsaW5lX2Rlc2MiLFs1LCJQbGVhc2UsIERvbi1Cb3TigKYgbG9vayBpbnRvIHlvdXIgaGFyZCBkcml2ZSwgYW5kIG9wZW4geW91ciBtZXJjeSBmaWxlISIsNV1d",
      },
      "totalCount": 11,
    },
  },
}
`;

exports[`connections-filter.graphql 1`] = `
Object {
  "data": Object {
    "boolean_distinctFrom_true": Object {
      "edges": Array [
        Object {
          "cursor": "WyJwcmltYXJ5X2tleV9hc2MiLFszXV0=",
          "node": Object {
            "boolean": false,
            "id": 3,
            "int": 3,
            "numeric": "0.3",
            "real": 0.3,
            "string": "tEST",
          },
        },
        Object {
          "cursor": "WyJwcmltYXJ5X2tleV9hc2MiLFs0XV0=",
          "node": Object {
            "boolean": false,
            "id": 4,
            "int": 4,
            "numeric": "0.4",
            "real": 0.4,
            "string": "test",
          },
        },
        Object {
          "cursor": "WyJwcmltYXJ5X2tleV9hc2MiLFs1XV0=",
          "node": Object {
            "boolean": null,
            "id": 5,
            "int": null,
            "numeric": null,
            "real": null,
            "string": null,
          },
        },
      ],
      "pageInfo": Object {
        "endCursor": "WyJwcmltYXJ5X2tleV9hc2MiLFs1XV0=",
        "hasNextPage": false,
        "hasPreviousPage": false,
        "startCursor": "WyJwcmltYXJ5X2tleV9hc2MiLFszXV0=",
      },
      "totalCount": 3,
    },
    "boolean_equalTo_true": Object {
      "edges": Array [
        Object {
          "cursor": "WyJwcmltYXJ5X2tleV9hc2MiLFsxXV0=",
          "node": Object {
            "boolean": true,
            "id": 1,
            "int": 1,
            "numeric": "0.1",
            "real": 0.1,
            "string": "TEST",
          },
        },
        Object {
          "cursor": "WyJwcmltYXJ5X2tleV9hc2MiLFsyXV0=",
          "node": Object {
            "boolean": true,
            "id": 2,
            "int": 2,
            "numeric": "0.2",
            "real": 0.2,
            "string": "Test",
          },
        },
      ],
      "pageInfo": Object {
        "endCursor": "WyJwcmltYXJ5X2tleV9hc2MiLFsyXV0=",
        "hasNextPage": false,
        "hasPreviousPage": false,
        "startCursor": "WyJwcmltYXJ5X2tleV9hc2MiLFsxXV0=",
      },
      "totalCount": 2,
    },
    "boolean_notDistinctFrom_true": Object {
      "edges": Array [
        Object {
          "cursor": "WyJwcmltYXJ5X2tleV9hc2MiLFsxXV0=",
          "node": Object {
            "boolean": true,
            "id": 1,
            "int": 1,
            "numeric": "0.1",
            "real": 0.1,
            "string": "TEST",
          },
        },
        Object {
          "cursor": "WyJwcmltYXJ5X2tleV9hc2MiLFsyXV0=",
          "node": Object {
            "boolean": true,
            "id": 2,
            "int": 2,
            "numeric": "0.2",
            "real": 0.2,
            "string": "Test",
          },
        },
      ],
      "pageInfo": Object {
        "endCursor": "WyJwcmltYXJ5X2tleV9hc2MiLFsyXV0=",
        "hasNextPage": false,
        "hasPreviousPage": false,
        "startCursor": "WyJwcmltYXJ5X2tleV9hc2MiLFsxXV0=",
      },
      "totalCount": 2,
    },
    "boolean_notEqualTo_true": Object {
      "edges": Array [
        Object {
          "cursor": "WyJwcmltYXJ5X2tleV9hc2MiLFszXV0=",
          "node": Object {
            "boolean": false,
            "id": 3,
            "int": 3,
            "numeric": "0.3",
            "real": 0.3,
            "string": "tEST",
          },
        },
        Object {
          "cursor": "WyJwcmltYXJ5X2tleV9hc2MiLFs0XV0=",
          "node": Object {
            "boolean": false,
            "id": 4,
            "int": 4,
            "numeric": "0.4",
            "real": 0.4,
            "string": "test",
          },
        },
      ],
      "pageInfo": Object {
        "endCursor": "WyJwcmltYXJ5X2tleV9hc2MiLFs0XV0=",
        "hasNextPage": false,
        "hasPreviousPage": false,
        "startCursor": "WyJwcmltYXJ5X2tleV9hc2MiLFszXV0=",
      },
      "totalCount": 2,
    },
    "boolean_null_false": Object {
      "edges": Array [
        Object {
          "cursor": "WyJwcmltYXJ5X2tleV9hc2MiLFsxXV0=",
          "node": Object {
            "boolean": true,
            "id": 1,
            "int": 1,
            "numeric": "0.1",
            "real": 0.1,
            "string": "TEST",
          },
        },
        Object {
          "cursor": "WyJwcmltYXJ5X2tleV9hc2MiLFsyXV0=",
          "node": Object {
            "boolean": true,
            "id": 2,
            "int": 2,
            "numeric": "0.2",
            "real": 0.2,
            "string": "Test",
          },
        },
        Object {
          "cursor": "WyJwcmltYXJ5X2tleV9hc2MiLFszXV0=",
          "node": Object {
            "boolean": false,
            "id": 3,
            "int": 3,
            "numeric": "0.3",
            "real": 0.3,
            "string": "tEST",
          },
        },
        Object {
          "cursor": "WyJwcmltYXJ5X2tleV9hc2MiLFs0XV0=",
          "node": Object {
            "boolean": false,
            "id": 4,
            "int": 4,
            "numeric": "0.4",
            "real": 0.4,
            "string": "test",
          },
        },
      ],
      "pageInfo": Object {
        "endCursor": "WyJwcmltYXJ5X2tleV9hc2MiLFs0XV0=",
        "hasNextPage": false,
        "hasPreviousPage": false,
        "startCursor": "WyJwcmltYXJ5X2tleV9hc2MiLFsxXV0=",
      },
      "totalCount": 4,
    },
    "boolean_null_true": Object {
      "edges": Array [
        Object {
          "cursor": "WyJwcmltYXJ5X2tleV9hc2MiLFs1XV0=",
          "node": Object {
            "boolean": null,
            "id": 5,
            "int": null,
            "numeric": null,
            "real": null,
            "string": null,
          },
        },
      ],
      "pageInfo": Object {
        "endCursor": "WyJwcmltYXJ5X2tleV9hc2MiLFs1XV0=",
        "hasNextPage": false,
        "hasPreviousPage": false,
        "startCursor": "WyJwcmltYXJ5X2tleV9hc2MiLFs1XV0=",
      },
      "totalCount": 1,
    },
    "computed_equalTo_test_computed": Object {
      "edges": Array [
        Object {
          "cursor": "WyJwcmltYXJ5X2tleV9hc2MiLFs0XV0=",
          "node": Object {
            "boolean": false,
            "id": 4,
            "int": 4,
            "numeric": "0.4",
            "real": 0.4,
            "string": "test",
          },
        },
      ],
      "pageInfo": Object {
        "endCursor": "WyJwcmltYXJ5X2tleV9hc2MiLFs0XV0=",
        "hasNextPage": false,
        "hasPreviousPage": false,
        "startCursor": "WyJwcmltYXJ5X2tleV9hc2MiLFs0XV0=",
      },
      "totalCount": 1,
    },
    "int_equalTo_2_and_string_endsWith_t": Object {
      "edges": Array [
        Object {
          "cursor": "WyJwcmltYXJ5X2tleV9hc2MiLFsyXV0=",
          "node": Object {
            "boolean": true,
            "id": 2,
            "int": 2,
            "numeric": "0.2",
            "real": 0.2,
            "string": "Test",
          },
        },
      ],
      "pageInfo": Object {
        "endCursor": "WyJwcmltYXJ5X2tleV9hc2MiLFsyXV0=",
        "hasNextPage": false,
        "hasPreviousPage": false,
        "startCursor": "WyJwcmltYXJ5X2tleV9hc2MiLFsyXV0=",
      },
      "totalCount": 1,
    },
    "int_equalTo_2_or_string_endsWith_t": Object {
      "edges": Array [
        Object {
          "cursor": "WyJwcmltYXJ5X2tleV9hc2MiLFsyXV0=",
          "node": Object {
            "boolean": true,
            "id": 2,
            "int": 2,
            "numeric": "0.2",
            "real": 0.2,
            "string": "Test",
          },
        },
        Object {
          "cursor": "WyJwcmltYXJ5X2tleV9hc2MiLFs0XV0=",
          "node": Object {
            "boolean": false,
            "id": 4,
            "int": 4,
            "numeric": "0.4",
            "real": 0.4,
            "string": "test",
          },
        },
      ],
      "pageInfo": Object {
        "endCursor": "WyJwcmltYXJ5X2tleV9hc2MiLFs0XV0=",
        "hasNextPage": false,
        "hasPreviousPage": false,
        "startCursor": "WyJwcmltYXJ5X2tleV9hc2MiLFsyXV0=",
      },
      "totalCount": 2,
    },
    "int_greaterThanOrEqualTo_2": Object {
      "edges": Array [
        Object {
          "cursor": "WyJwcmltYXJ5X2tleV9hc2MiLFsyXV0=",
          "node": Object {
            "boolean": true,
            "id": 2,
            "int": 2,
            "numeric": "0.2",
            "real": 0.2,
            "string": "Test",
          },
        },
        Object {
          "cursor": "WyJwcmltYXJ5X2tleV9hc2MiLFszXV0=",
          "node": Object {
            "boolean": false,
            "id": 3,
            "int": 3,
            "numeric": "0.3",
            "real": 0.3,
            "string": "tEST",
          },
        },
        Object {
          "cursor": "WyJwcmltYXJ5X2tleV9hc2MiLFs0XV0=",
          "node": Object {
            "boolean": false,
            "id": 4,
            "int": 4,
            "numeric": "0.4",
            "real": 0.4,
            "string": "test",
          },
        },
      ],
      "pageInfo": Object {
        "endCursor": "WyJwcmltYXJ5X2tleV9hc2MiLFs0XV0=",
        "hasNextPage": false,
        "hasPreviousPage": false,
        "startCursor": "WyJwcmltYXJ5X2tleV9hc2MiLFsyXV0=",
      },
      "totalCount": 3,
    },
    "int_greaterThan_2": Object {
      "edges": Array [
        Object {
          "cursor": "WyJwcmltYXJ5X2tleV9hc2MiLFszXV0=",
          "node": Object {
            "boolean": false,
            "id": 3,
            "int": 3,
            "numeric": "0.3",
            "real": 0.3,
            "string": "tEST",
          },
        },
        Object {
          "cursor": "WyJwcmltYXJ5X2tleV9hc2MiLFs0XV0=",
          "node": Object {
            "boolean": false,
            "id": 4,
            "int": 4,
            "numeric": "0.4",
            "real": 0.4,
            "string": "test",
          },
        },
      ],
      "pageInfo": Object {
        "endCursor": "WyJwcmltYXJ5X2tleV9hc2MiLFs0XV0=",
        "hasNextPage": false,
        "hasPreviousPage": false,
        "startCursor": "WyJwcmltYXJ5X2tleV9hc2MiLFszXV0=",
      },
      "totalCount": 2,
    },
    "int_in_2_3": Object {
      "edges": Array [
        Object {
          "cursor": "WyJwcmltYXJ5X2tleV9hc2MiLFsyXV0=",
          "node": Object {
            "boolean": true,
            "id": 2,
            "int": 2,
            "numeric": "0.2",
            "real": 0.2,
            "string": "Test",
          },
        },
        Object {
          "cursor": "WyJwcmltYXJ5X2tleV9hc2MiLFszXV0=",
          "node": Object {
            "boolean": false,
            "id": 3,
            "int": 3,
            "numeric": "0.3",
            "real": 0.3,
            "string": "tEST",
          },
        },
      ],
      "pageInfo": Object {
        "endCursor": "WyJwcmltYXJ5X2tleV9hc2MiLFszXV0=",
        "hasNextPage": false,
        "hasPreviousPage": false,
        "startCursor": "WyJwcmltYXJ5X2tleV9hc2MiLFsyXV0=",
      },
      "totalCount": 2,
    },
    "int_lessThanOrEqualTo_2": Object {
      "edges": Array [
        Object {
          "cursor": "WyJwcmltYXJ5X2tleV9hc2MiLFsxXV0=",
          "node": Object {
            "boolean": true,
            "id": 1,
            "int": 1,
            "numeric": "0.1",
            "real": 0.1,
            "string": "TEST",
          },
        },
        Object {
          "cursor": "WyJwcmltYXJ5X2tleV9hc2MiLFsyXV0=",
          "node": Object {
            "boolean": true,
            "id": 2,
            "int": 2,
            "numeric": "0.2",
            "real": 0.2,
            "string": "Test",
          },
        },
      ],
      "pageInfo": Object {
        "endCursor": "WyJwcmltYXJ5X2tleV9hc2MiLFsyXV0=",
        "hasNextPage": false,
        "hasPreviousPage": false,
        "startCursor": "WyJwcmltYXJ5X2tleV9hc2MiLFsxXV0=",
      },
      "totalCount": 2,
    },
    "int_lessThan_2": Object {
      "edges": Array [
        Object {
          "cursor": "WyJwcmltYXJ5X2tleV9hc2MiLFsxXV0=",
          "node": Object {
            "boolean": true,
            "id": 1,
            "int": 1,
            "numeric": "0.1",
            "real": 0.1,
            "string": "TEST",
          },
        },
      ],
      "pageInfo": Object {
        "endCursor": "WyJwcmltYXJ5X2tleV9hc2MiLFsxXV0=",
        "hasNextPage": false,
        "hasPreviousPage": false,
        "startCursor": "WyJwcmltYXJ5X2tleV9hc2MiLFsxXV0=",
      },
      "totalCount": 1,
    },
    "int_notIn_2_3": Object {
      "edges": Array [
        Object {
          "cursor": "WyJwcmltYXJ5X2tleV9hc2MiLFsxXV0=",
          "node": Object {
            "boolean": true,
            "id": 1,
            "int": 1,
            "numeric": "0.1",
            "real": 0.1,
            "string": "TEST",
          },
        },
        Object {
          "cursor": "WyJwcmltYXJ5X2tleV9hc2MiLFs0XV0=",
          "node": Object {
            "boolean": false,
            "id": 4,
            "int": 4,
            "numeric": "0.4",
            "real": 0.4,
            "string": "test",
          },
        },
      ],
      "pageInfo": Object {
        "endCursor": "WyJwcmltYXJ5X2tleV9hc2MiLFs0XV0=",
        "hasNextPage": false,
        "hasPreviousPage": false,
        "startCursor": "WyJwcmltYXJ5X2tleV9hc2MiLFsxXV0=",
      },
      "totalCount": 2,
    },
    "not_int_equalTo_2_or_string_endsWith_t": Object {
      "edges": Array [
        Object {
          "cursor": "WyJwcmltYXJ5X2tleV9hc2MiLFsxXV0=",
          "node": Object {
            "boolean": true,
            "id": 1,
            "int": 1,
            "numeric": "0.1",
            "real": 0.1,
            "string": "TEST",
          },
        },
        Object {
          "cursor": "WyJwcmltYXJ5X2tleV9hc2MiLFszXV0=",
          "node": Object {
            "boolean": false,
            "id": 3,
            "int": 3,
            "numeric": "0.3",
            "real": 0.3,
            "string": "tEST",
          },
        },
      ],
      "pageInfo": Object {
        "endCursor": "WyJwcmltYXJ5X2tleV9hc2MiLFszXV0=",
        "hasNextPage": false,
        "hasPreviousPage": false,
        "startCursor": "WyJwcmltYXJ5X2tleV9hc2MiLFsxXV0=",
      },
      "totalCount": 2,
    },
    "not_string_equalTo_test": Object {
      "edges": Array [
        Object {
          "cursor": "WyJwcmltYXJ5X2tleV9hc2MiLFsxXV0=",
          "node": Object {
            "boolean": true,
            "id": 1,
            "int": 1,
            "numeric": "0.1",
            "real": 0.1,
            "string": "TEST",
          },
        },
        Object {
          "cursor": "WyJwcmltYXJ5X2tleV9hc2MiLFsyXV0=",
          "node": Object {
            "boolean": true,
            "id": 2,
            "int": 2,
            "numeric": "0.2",
            "real": 0.2,
            "string": "Test",
          },
        },
        Object {
          "cursor": "WyJwcmltYXJ5X2tleV9hc2MiLFszXV0=",
          "node": Object {
            "boolean": false,
            "id": 3,
            "int": 3,
            "numeric": "0.3",
            "real": 0.3,
            "string": "tEST",
          },
        },
      ],
      "pageInfo": Object {
        "endCursor": "WyJwcmltYXJ5X2tleV9hc2MiLFszXV0=",
        "hasNextPage": false,
        "hasPreviousPage": false,
        "startCursor": "WyJwcmltYXJ5X2tleV9hc2MiLFsxXV0=",
      },
      "totalCount": 3,
    },
    "string_containsInsensitive_t": Object {
      "edges": Array [
        Object {
          "cursor": "WyJwcmltYXJ5X2tleV9hc2MiLFsxXV0=",
          "node": Object {
            "boolean": true,
            "id": 1,
            "int": 1,
            "numeric": "0.1",
            "real": 0.1,
            "string": "TEST",
          },
        },
        Object {
          "cursor": "WyJwcmltYXJ5X2tleV9hc2MiLFsyXV0=",
          "node": Object {
            "boolean": true,
            "id": 2,
            "int": 2,
            "numeric": "0.2",
            "real": 0.2,
            "string": "Test",
          },
        },
        Object {
          "cursor": "WyJwcmltYXJ5X2tleV9hc2MiLFszXV0=",
          "node": Object {
            "boolean": false,
            "id": 3,
            "int": 3,
            "numeric": "0.3",
            "real": 0.3,
            "string": "tEST",
          },
        },
        Object {
          "cursor": "WyJwcmltYXJ5X2tleV9hc2MiLFs0XV0=",
          "node": Object {
            "boolean": false,
            "id": 4,
            "int": 4,
            "numeric": "0.4",
            "real": 0.4,
            "string": "test",
          },
        },
      ],
      "pageInfo": Object {
        "endCursor": "WyJwcmltYXJ5X2tleV9hc2MiLFs0XV0=",
        "hasNextPage": false,
        "hasPreviousPage": false,
        "startCursor": "WyJwcmltYXJ5X2tleV9hc2MiLFsxXV0=",
      },
      "totalCount": 4,
    },
    "string_contains_t": Object {
      "edges": Array [
        Object {
          "cursor": "WyJwcmltYXJ5X2tleV9hc2MiLFsyXV0=",
          "node": Object {
            "boolean": true,
            "id": 2,
            "int": 2,
            "numeric": "0.2",
            "real": 0.2,
            "string": "Test",
          },
        },
        Object {
          "cursor": "WyJwcmltYXJ5X2tleV9hc2MiLFszXV0=",
          "node": Object {
            "boolean": false,
            "id": 3,
            "int": 3,
            "numeric": "0.3",
            "real": 0.3,
            "string": "tEST",
          },
        },
        Object {
          "cursor": "WyJwcmltYXJ5X2tleV9hc2MiLFs0XV0=",
          "node": Object {
            "boolean": false,
            "id": 4,
            "int": 4,
            "numeric": "0.4",
            "real": 0.4,
            "string": "test",
          },
        },
      ],
      "pageInfo": Object {
        "endCursor": "WyJwcmltYXJ5X2tleV9hc2MiLFs0XV0=",
        "hasNextPage": false,
        "hasPreviousPage": false,
        "startCursor": "WyJwcmltYXJ5X2tleV9hc2MiLFsyXV0=",
      },
      "totalCount": 3,
    },
    "string_distinctFrom_test": Object {
      "edges": Array [
        Object {
          "cursor": "WyJwcmltYXJ5X2tleV9hc2MiLFsxXV0=",
          "node": Object {
            "boolean": true,
            "id": 1,
            "int": 1,
            "numeric": "0.1",
            "real": 0.1,
            "string": "TEST",
          },
        },
        Object {
          "cursor": "WyJwcmltYXJ5X2tleV9hc2MiLFsyXV0=",
          "node": Object {
            "boolean": true,
            "id": 2,
            "int": 2,
            "numeric": "0.2",
            "real": 0.2,
            "string": "Test",
          },
        },
        Object {
          "cursor": "WyJwcmltYXJ5X2tleV9hc2MiLFszXV0=",
          "node": Object {
            "boolean": false,
            "id": 3,
            "int": 3,
            "numeric": "0.3",
            "real": 0.3,
            "string": "tEST",
          },
        },
        Object {
          "cursor": "WyJwcmltYXJ5X2tleV9hc2MiLFs1XV0=",
          "node": Object {
            "boolean": null,
            "id": 5,
            "int": null,
            "numeric": null,
            "real": null,
            "string": null,
          },
        },
      ],
      "pageInfo": Object {
        "endCursor": "WyJwcmltYXJ5X2tleV9hc2MiLFs1XV0=",
        "hasNextPage": false,
        "hasPreviousPage": false,
        "startCursor": "WyJwcmltYXJ5X2tleV9hc2MiLFsxXV0=",
      },
      "totalCount": 4,
    },
    "string_endsWithInsensitive_t": Object {
      "edges": Array [
        Object {
          "cursor": "WyJwcmltYXJ5X2tleV9hc2MiLFsxXV0=",
          "node": Object {
            "boolean": true,
            "id": 1,
            "int": 1,
            "numeric": "0.1",
            "real": 0.1,
            "string": "TEST",
          },
        },
        Object {
          "cursor": "WyJwcmltYXJ5X2tleV9hc2MiLFsyXV0=",
          "node": Object {
            "boolean": true,
            "id": 2,
            "int": 2,
            "numeric": "0.2",
            "real": 0.2,
            "string": "Test",
          },
        },
        Object {
          "cursor": "WyJwcmltYXJ5X2tleV9hc2MiLFszXV0=",
          "node": Object {
            "boolean": false,
            "id": 3,
            "int": 3,
            "numeric": "0.3",
            "real": 0.3,
            "string": "tEST",
          },
        },
        Object {
          "cursor": "WyJwcmltYXJ5X2tleV9hc2MiLFs0XV0=",
          "node": Object {
            "boolean": false,
            "id": 4,
            "int": 4,
            "numeric": "0.4",
            "real": 0.4,
            "string": "test",
          },
        },
      ],
      "pageInfo": Object {
        "endCursor": "WyJwcmltYXJ5X2tleV9hc2MiLFs0XV0=",
        "hasNextPage": false,
        "hasPreviousPage": false,
        "startCursor": "WyJwcmltYXJ5X2tleV9hc2MiLFsxXV0=",
      },
      "totalCount": 4,
    },
    "string_endsWith_t": Object {
      "edges": Array [
        Object {
          "cursor": "WyJwcmltYXJ5X2tleV9hc2MiLFsyXV0=",
          "node": Object {
            "boolean": true,
            "id": 2,
            "int": 2,
            "numeric": "0.2",
            "real": 0.2,
            "string": "Test",
          },
        },
        Object {
          "cursor": "WyJwcmltYXJ5X2tleV9hc2MiLFs0XV0=",
          "node": Object {
            "boolean": false,
            "id": 4,
            "int": 4,
            "numeric": "0.4",
            "real": 0.4,
            "string": "test",
          },
        },
      ],
      "pageInfo": Object {
        "endCursor": "WyJwcmltYXJ5X2tleV9hc2MiLFs0XV0=",
        "hasNextPage": false,
        "hasPreviousPage": false,
        "startCursor": "WyJwcmltYXJ5X2tleV9hc2MiLFsyXV0=",
      },
      "totalCount": 2,
    },
    "string_equalTo_test": Object {
      "edges": Array [
        Object {
          "cursor": "WyJwcmltYXJ5X2tleV9hc2MiLFs0XV0=",
          "node": Object {
            "boolean": false,
            "id": 4,
            "int": 4,
            "numeric": "0.4",
            "real": 0.4,
            "string": "test",
          },
        },
      ],
      "pageInfo": Object {
        "endCursor": "WyJwcmltYXJ5X2tleV9hc2MiLFs0XV0=",
        "hasNextPage": false,
        "hasPreviousPage": false,
        "startCursor": "WyJwcmltYXJ5X2tleV9hc2MiLFs0XV0=",
      },
      "totalCount": 1,
    },
    "string_likeInsensitive_es": Object {
      "edges": Array [
        Object {
          "cursor": "WyJwcmltYXJ5X2tleV9hc2MiLFsxXV0=",
          "node": Object {
            "boolean": true,
            "id": 1,
            "int": 1,
            "numeric": "0.1",
            "real": 0.1,
            "string": "TEST",
          },
        },
        Object {
          "cursor": "WyJwcmltYXJ5X2tleV9hc2MiLFsyXV0=",
          "node": Object {
            "boolean": true,
            "id": 2,
            "int": 2,
            "numeric": "0.2",
            "real": 0.2,
            "string": "Test",
          },
        },
        Object {
          "cursor": "WyJwcmltYXJ5X2tleV9hc2MiLFszXV0=",
          "node": Object {
            "boolean": false,
            "id": 3,
            "int": 3,
            "numeric": "0.3",
            "real": 0.3,
            "string": "tEST",
          },
        },
        Object {
          "cursor": "WyJwcmltYXJ5X2tleV9hc2MiLFs0XV0=",
          "node": Object {
            "boolean": false,
            "id": 4,
            "int": 4,
            "numeric": "0.4",
            "real": 0.4,
            "string": "test",
          },
        },
      ],
      "pageInfo": Object {
        "endCursor": "WyJwcmltYXJ5X2tleV9hc2MiLFs0XV0=",
        "hasNextPage": false,
        "hasPreviousPage": false,
        "startCursor": "WyJwcmltYXJ5X2tleV9hc2MiLFsxXV0=",
      },
      "totalCount": 4,
    },
    "string_like_es": Object {
      "edges": Array [
        Object {
          "cursor": "WyJwcmltYXJ5X2tleV9hc2MiLFsyXV0=",
          "node": Object {
            "boolean": true,
            "id": 2,
            "int": 2,
            "numeric": "0.2",
            "real": 0.2,
            "string": "Test",
          },
        },
        Object {
          "cursor": "WyJwcmltYXJ5X2tleV9hc2MiLFs0XV0=",
          "node": Object {
            "boolean": false,
            "id": 4,
            "int": 4,
            "numeric": "0.4",
            "real": 0.4,
            "string": "test",
          },
        },
      ],
      "pageInfo": Object {
        "endCursor": "WyJwcmltYXJ5X2tleV9hc2MiLFs0XV0=",
        "hasNextPage": false,
        "hasPreviousPage": false,
        "startCursor": "WyJwcmltYXJ5X2tleV9hc2MiLFsyXV0=",
      },
      "totalCount": 2,
    },
    "string_notContainsInsensitive_t": Object {
      "edges": Array [],
      "pageInfo": Object {
        "endCursor": null,
        "hasNextPage": false,
        "hasPreviousPage": false,
        "startCursor": null,
      },
      "totalCount": 0,
    },
    "string_notContains_t": Object {
      "edges": Array [
        Object {
          "cursor": "WyJwcmltYXJ5X2tleV9hc2MiLFsxXV0=",
          "node": Object {
            "boolean": true,
            "id": 1,
            "int": 1,
            "numeric": "0.1",
            "real": 0.1,
            "string": "TEST",
          },
        },
      ],
      "pageInfo": Object {
        "endCursor": "WyJwcmltYXJ5X2tleV9hc2MiLFsxXV0=",
        "hasNextPage": false,
        "hasPreviousPage": false,
        "startCursor": "WyJwcmltYXJ5X2tleV9hc2MiLFsxXV0=",
      },
      "totalCount": 1,
    },
    "string_notDistinctFrom_test": Object {
      "edges": Array [
        Object {
          "cursor": "WyJwcmltYXJ5X2tleV9hc2MiLFs0XV0=",
          "node": Object {
            "boolean": false,
            "id": 4,
            "int": 4,
            "numeric": "0.4",
            "real": 0.4,
            "string": "test",
          },
        },
      ],
      "pageInfo": Object {
        "endCursor": "WyJwcmltYXJ5X2tleV9hc2MiLFs0XV0=",
        "hasNextPage": false,
        "hasPreviousPage": false,
        "startCursor": "WyJwcmltYXJ5X2tleV9hc2MiLFs0XV0=",
      },
      "totalCount": 1,
    },
    "string_notEndsWithInsensitive_t": Object {
      "edges": Array [],
      "pageInfo": Object {
        "endCursor": null,
        "hasNextPage": false,
        "hasPreviousPage": false,
        "startCursor": null,
      },
      "totalCount": 0,
    },
    "string_notEndsWith_t": Object {
      "edges": Array [
        Object {
          "cursor": "WyJwcmltYXJ5X2tleV9hc2MiLFsxXV0=",
          "node": Object {
            "boolean": true,
            "id": 1,
            "int": 1,
            "numeric": "0.1",
            "real": 0.1,
            "string": "TEST",
          },
        },
        Object {
          "cursor": "WyJwcmltYXJ5X2tleV9hc2MiLFszXV0=",
          "node": Object {
            "boolean": false,
            "id": 3,
            "int": 3,
            "numeric": "0.3",
            "real": 0.3,
            "string": "tEST",
          },
        },
      ],
      "pageInfo": Object {
        "endCursor": "WyJwcmltYXJ5X2tleV9hc2MiLFszXV0=",
        "hasNextPage": false,
        "hasPreviousPage": false,
        "startCursor": "WyJwcmltYXJ5X2tleV9hc2MiLFsxXV0=",
      },
      "totalCount": 2,
    },
    "string_notEqualTo_test": Object {
      "edges": Array [
        Object {
          "cursor": "WyJwcmltYXJ5X2tleV9hc2MiLFsxXV0=",
          "node": Object {
            "boolean": true,
            "id": 1,
            "int": 1,
            "numeric": "0.1",
            "real": 0.1,
            "string": "TEST",
          },
        },
        Object {
          "cursor": "WyJwcmltYXJ5X2tleV9hc2MiLFsyXV0=",
          "node": Object {
            "boolean": true,
            "id": 2,
            "int": 2,
            "numeric": "0.2",
            "real": 0.2,
            "string": "Test",
          },
        },
        Object {
          "cursor": "WyJwcmltYXJ5X2tleV9hc2MiLFszXV0=",
          "node": Object {
            "boolean": false,
            "id": 3,
            "int": 3,
            "numeric": "0.3",
            "real": 0.3,
            "string": "tEST",
          },
        },
      ],
      "pageInfo": Object {
        "endCursor": "WyJwcmltYXJ5X2tleV9hc2MiLFszXV0=",
        "hasNextPage": false,
        "hasPreviousPage": false,
        "startCursor": "WyJwcmltYXJ5X2tleV9hc2MiLFsxXV0=",
      },
      "totalCount": 3,
    },
    "string_notLikeInsensitive_es": Object {
      "edges": Array [],
      "pageInfo": Object {
        "endCursor": null,
        "hasNextPage": false,
        "hasPreviousPage": false,
        "startCursor": null,
      },
      "totalCount": 0,
    },
    "string_notLike_es": Object {
      "edges": Array [
        Object {
          "cursor": "WyJwcmltYXJ5X2tleV9hc2MiLFsxXV0=",
          "node": Object {
            "boolean": true,
            "id": 1,
            "int": 1,
            "numeric": "0.1",
            "real": 0.1,
            "string": "TEST",
          },
        },
        Object {
          "cursor": "WyJwcmltYXJ5X2tleV9hc2MiLFszXV0=",
          "node": Object {
            "boolean": false,
            "id": 3,
            "int": 3,
            "numeric": "0.3",
            "real": 0.3,
            "string": "tEST",
          },
        },
      ],
      "pageInfo": Object {
        "endCursor": "WyJwcmltYXJ5X2tleV9hc2MiLFszXV0=",
        "hasNextPage": false,
        "hasPreviousPage": false,
        "startCursor": "WyJwcmltYXJ5X2tleV9hc2MiLFsxXV0=",
      },
      "totalCount": 2,
    },
    "string_notSimilarTo_te_or_st": Object {
      "edges": Array [
        Object {
          "cursor": "WyJwcmltYXJ5X2tleV9hc2MiLFsxXV0=",
          "node": Object {
            "boolean": true,
            "id": 1,
            "int": 1,
            "numeric": "0.1",
            "real": 0.1,
            "string": "TEST",
          },
        },
        Object {
          "cursor": "WyJwcmltYXJ5X2tleV9hc2MiLFszXV0=",
          "node": Object {
            "boolean": false,
            "id": 3,
            "int": 3,
            "numeric": "0.3",
            "real": 0.3,
            "string": "tEST",
          },
        },
      ],
      "pageInfo": Object {
        "endCursor": "WyJwcmltYXJ5X2tleV9hc2MiLFszXV0=",
        "hasNextPage": false,
        "hasPreviousPage": false,
        "startCursor": "WyJwcmltYXJ5X2tleV9hc2MiLFsxXV0=",
      },
      "totalCount": 2,
    },
    "string_notStartsWithInsensitive_t": Object {
      "edges": Array [],
      "pageInfo": Object {
        "endCursor": null,
        "hasNextPage": false,
        "hasPreviousPage": false,
        "startCursor": null,
      },
      "totalCount": 0,
    },
    "string_notStartsWith_t": Object {
      "edges": Array [
        Object {
          "cursor": "WyJwcmltYXJ5X2tleV9hc2MiLFsxXV0=",
          "node": Object {
            "boolean": true,
            "id": 1,
            "int": 1,
            "numeric": "0.1",
            "real": 0.1,
            "string": "TEST",
          },
        },
        Object {
          "cursor": "WyJwcmltYXJ5X2tleV9hc2MiLFsyXV0=",
          "node": Object {
            "boolean": true,
            "id": 2,
            "int": 2,
            "numeric": "0.2",
            "real": 0.2,
            "string": "Test",
          },
        },
      ],
      "pageInfo": Object {
        "endCursor": "WyJwcmltYXJ5X2tleV9hc2MiLFsyXV0=",
        "hasNextPage": false,
        "hasPreviousPage": false,
        "startCursor": "WyJwcmltYXJ5X2tleV9hc2MiLFsxXV0=",
      },
      "totalCount": 2,
    },
    "string_null_false": Object {
      "edges": Array [
        Object {
          "cursor": "WyJwcmltYXJ5X2tleV9hc2MiLFsxXV0=",
          "node": Object {
            "boolean": true,
            "id": 1,
            "int": 1,
            "numeric": "0.1",
            "real": 0.1,
            "string": "TEST",
          },
        },
        Object {
          "cursor": "WyJwcmltYXJ5X2tleV9hc2MiLFsyXV0=",
          "node": Object {
            "boolean": true,
            "id": 2,
            "int": 2,
            "numeric": "0.2",
            "real": 0.2,
            "string": "Test",
          },
        },
        Object {
          "cursor": "WyJwcmltYXJ5X2tleV9hc2MiLFszXV0=",
          "node": Object {
            "boolean": false,
            "id": 3,
            "int": 3,
            "numeric": "0.3",
            "real": 0.3,
            "string": "tEST",
          },
        },
        Object {
          "cursor": "WyJwcmltYXJ5X2tleV9hc2MiLFs0XV0=",
          "node": Object {
            "boolean": false,
            "id": 4,
            "int": 4,
            "numeric": "0.4",
            "real": 0.4,
            "string": "test",
          },
        },
      ],
      "pageInfo": Object {
        "endCursor": "WyJwcmltYXJ5X2tleV9hc2MiLFs0XV0=",
        "hasNextPage": false,
        "hasPreviousPage": false,
        "startCursor": "WyJwcmltYXJ5X2tleV9hc2MiLFsxXV0=",
      },
      "totalCount": 4,
    },
    "string_null_true": Object {
      "edges": Array [
        Object {
          "cursor": "WyJwcmltYXJ5X2tleV9hc2MiLFs1XV0=",
          "node": Object {
            "boolean": null,
            "id": 5,
            "int": null,
            "numeric": null,
            "real": null,
            "string": null,
          },
        },
      ],
      "pageInfo": Object {
        "endCursor": "WyJwcmltYXJ5X2tleV9hc2MiLFs1XV0=",
        "hasNextPage": false,
        "hasPreviousPage": false,
        "startCursor": "WyJwcmltYXJ5X2tleV9hc2MiLFs1XV0=",
      },
      "totalCount": 1,
    },
    "string_similarTo_te_or_st": Object {
      "edges": Array [
        Object {
          "cursor": "WyJwcmltYXJ5X2tleV9hc2MiLFsyXV0=",
          "node": Object {
            "boolean": true,
            "id": 2,
            "int": 2,
            "numeric": "0.2",
            "real": 0.2,
            "string": "Test",
          },
        },
        Object {
          "cursor": "WyJwcmltYXJ5X2tleV9hc2MiLFs0XV0=",
          "node": Object {
            "boolean": false,
            "id": 4,
            "int": 4,
            "numeric": "0.4",
            "real": 0.4,
            "string": "test",
          },
        },
      ],
      "pageInfo": Object {
        "endCursor": "WyJwcmltYXJ5X2tleV9hc2MiLFs0XV0=",
        "hasNextPage": false,
        "hasPreviousPage": false,
        "startCursor": "WyJwcmltYXJ5X2tleV9hc2MiLFsyXV0=",
      },
      "totalCount": 2,
    },
    "string_startsWithInsensitive_t": Object {
      "edges": Array [
        Object {
          "cursor": "WyJwcmltYXJ5X2tleV9hc2MiLFsxXV0=",
          "node": Object {
            "boolean": true,
            "id": 1,
            "int": 1,
            "numeric": "0.1",
            "real": 0.1,
            "string": "TEST",
          },
        },
        Object {
          "cursor": "WyJwcmltYXJ5X2tleV9hc2MiLFsyXV0=",
          "node": Object {
            "boolean": true,
            "id": 2,
            "int": 2,
            "numeric": "0.2",
            "real": 0.2,
            "string": "Test",
          },
        },
        Object {
          "cursor": "WyJwcmltYXJ5X2tleV9hc2MiLFszXV0=",
          "node": Object {
            "boolean": false,
            "id": 3,
            "int": 3,
            "numeric": "0.3",
            "real": 0.3,
            "string": "tEST",
          },
        },
        Object {
          "cursor": "WyJwcmltYXJ5X2tleV9hc2MiLFs0XV0=",
          "node": Object {
            "boolean": false,
            "id": 4,
            "int": 4,
            "numeric": "0.4",
            "real": 0.4,
            "string": "test",
          },
        },
      ],
      "pageInfo": Object {
        "endCursor": "WyJwcmltYXJ5X2tleV9hc2MiLFs0XV0=",
        "hasNextPage": false,
        "hasPreviousPage": false,
        "startCursor": "WyJwcmltYXJ5X2tleV9hc2MiLFsxXV0=",
      },
      "totalCount": 4,
    },
    "string_startsWith_t": Object {
      "edges": Array [
        Object {
          "cursor": "WyJwcmltYXJ5X2tleV9hc2MiLFszXV0=",
          "node": Object {
            "boolean": false,
            "id": 3,
            "int": 3,
            "numeric": "0.3",
            "real": 0.3,
            "string": "tEST",
          },
        },
        Object {
          "cursor": "WyJwcmltYXJ5X2tleV9hc2MiLFs0XV0=",
          "node": Object {
            "boolean": false,
            "id": 4,
            "int": 4,
            "numeric": "0.4",
            "real": 0.4,
            "string": "test",
          },
        },
      ],
      "pageInfo": Object {
        "endCursor": "WyJwcmltYXJ5X2tleV9hc2MiLFs0XV0=",
        "hasNextPage": false,
        "hasPreviousPage": false,
        "startCursor": "WyJwcmltYXJ5X2tleV9hc2MiLFszXV0=",
      },
      "totalCount": 2,
    },
  },
}
`;
